SQL> select ename,deptno
  2  from emp,dept
  3  where emp.deptno=dept.deptno;
select ename,deptno
             *
ERROR at line 1:
ORA-00918: column ambiguously defined 


SQL> ws
SP2-0042: unknown command "ws" - rest of line ignored.
SQL> ed
Wrote file afiedt.buf

  1  select ename,deptno
  2  from emp,dept
  3* where emp.deptno=dept.deptno and ename='SMITH';
  4  /
where emp.deptno=dept.deptno and ename='SMITH';
                                              *
ERROR at line 3:
ORA-00911: invalid character 


SQL> ED
Wrote file afiedt.buf

  1  select ename,deptno
  2  from emp,dept
  3* where emp.deptno=dept.deptno and ename='SMITH'
SQL> /
select ename,deptno
             *
ERROR at line 1:
ORA-00918: column ambiguously defined 


SQL> SELECT ENAME,DEPTNO
  2  FROM EMP,DEPT
  3  WHERE EMP.EMPNO=DEPT,DEPTNO WHERE ENAME='SMITH';
WHERE EMP.EMPNO=DEPT,DEPTNO WHERE ENAME='SMITH'
                    *
ERROR at line 3:
ORA-00933: SQL command not properly ended 


SQL> ED
Wrote file afiedt.buf

  1  SELECT ENAME,DEPTNO
  2  FROM EMP,DEPT
  3* WHERE EMP.EMPNO=DEPT.DEPTNO WHERE ENAME='SMITH'
SQL> /
WHERE EMP.EMPNO=DEPT.DEPTNO WHERE ENAME='SMITH'
                            *
ERROR at line 3:
ORA-00933: SQL command not properly ended 


SQL> ED
Wrote file afiedt.buf

  1  SELECT ENAME,DEPTNO
  2  FROM EMP,DEPT
  3* WHERE EMP.EMPNO=DEPT.DEPTNO AND ENAME='SMITH'
SQL> /
SELECT ENAME,DEPTNO
             *
ERROR at line 1:
ORA-00918: column ambiguously defined 


SQL> ED
Wrote file afiedt.buf

  1  SELECT ENAME,DNAME
  2  FROM EMP,DEPT
  3* WHERE EMP.EMPNO=DEPT.DEPTNO AND ENAME='SMITH'
SQL> /

no rows selected

SQL> ED
Wrote file afiedt.buf

  1  SELECT ENAME,DNAME
  2  FROM EMP,DEPT
  3* WHERE EMP.DEPTNO=DEPT.DEPTNO AND ENAME='SMITH'
SQL> /

ENAME      DNAME                                                                                                                                                                                        
---------- --------------                                                                                                                                                                               
SMITH      RESEARCH                                                                                                                                                                                     

SQL> SELECT DNAME,LOC
  2  FROM EMP,DEPT
  3  WHERE EMP.DEPTNO=DEPT.DEPTNO AND JOB='MANAGER' AND SAL>2000;

DNAME          LOC                                                                                                                                                                                      
-------------- -------------                                                                                                                                                                            
RESEARCH       DALLAS                                                                                                                                                                                   
SALES          CHICAGO                                                                                                                                                                                  
ACCOUNTING     NEW YORK                                                                                                                                                                                 

SQL> SELECT ENAME,SAL,DEPTNO,LOC
  2  FROM EMP,DEPT
  3  WHERE EMP.DEPTNO=DEPT.DEPTNO AND HIREDATE<01-JAN-88 AND LOC LIKE '% %';
WHERE EMP.DEPTNO=DEPT.DEPTNO AND HIREDATE<01-JAN-88 AND LOC LIKE '% %'
                                             *
ERROR at line 3:
ORA-00904: "JAN": invalid identifier 


SQL> ED
Wrote file afiedt.buf

  1  SELECT ENAME,SAL,DEPTNO,LOC
  2  FROM EMP,DEPT
  3* WHERE EMP.DEPTNO=DEPT.DEPTNO AND HIREDATE<'01-JAN-88' AND LOC LIKE '% %'
SQL> /
SELECT ENAME,SAL,DEPTNO,LOC
                 *
ERROR at line 1:
ORA-00918: column ambiguously defined 


SQL> ED
Wrote file afiedt.buf

  1  SELECT ENAME,SAL,DEPTNO,LOC,DNAME
  2  FROM EMP,DEPT
  3* WHERE EMP.DEPTNO=DEPT.DEPTNO AND HIREDATE<'01-JAN-88' AND LOC LIKE '% %'
SQL> /
SELECT ENAME,SAL,DEPTNO,LOC,DNAME
                 *
ERROR at line 1:
ORA-00918: column ambiguously defined 


SQL> ED
Wrote file afiedt.buf

  1  SELECT ENAME,SAL,DEPT.DEPTNO,DNAME,LOC
  2  FROM EMP,DEPT
  3* WHERE EMP.DEPTNO=DEPT.DEPTNO AND HIREDATE<'01-JAN-88' AND LOC LIKE '% %'
  4  /

ENAME             SAL     DEPTNO DNAME          LOC                                                                                                                                                     
---------- ---------- ---------- -------------- -------------                                                                                                                                           
CLARK            2450         10 ACCOUNTING     NEW YORK                                                                                                                                                
KING             5000         10 ACCOUNTING     NEW YORK                                                                                                                                                
MILLER           1300         10 ACCOUNTING     NEW YORK                                                                                                                                                

SQL> SELECT *
  2  FROM EMP NATURAL JOIN DEPT;

    DEPTNO      EMPNO ENAME      JOB              MGR HIREDATE         SAL       COMM DNAME          LOC                                                                                                
---------- ---------- ---------- --------- ---------- --------- ---------- ---------- -------------- -------------                                                                                      
        20       7369 SMITH      CLERK           7902 17-DEC-80        800            RESEARCH       DALLAS                                                                                             
        30       7499 ALLEN      SALESMAN        7698 20-FEB-81       1600        300 SALES          CHICAGO                                                                                            
        30       7521 WARD       SALESMAN        7698 22-FEB-81       1250        500 SALES          CHICAGO                                                                                            
        20       7566 JONES      MANAGER         7839 02-APR-81       2975            RESEARCH       DALLAS                                                                                             
        30       7654 MARTIN     SALESMAN        7698 28-SEP-81       1250       1400 SALES          CHICAGO                                                                                            
        30       7698 BLAKE      MANAGER         7839 01-MAY-81       2850            SALES          CHICAGO                                                                                            
        10       7782 CLARK      MANAGER         7839 09-JUN-81       2450            ACCOUNTING     NEW YORK                                                                                           
        20       7788 SCOTT      ANALYST         7566 19-APR-87       3000            RESEARCH       DALLAS                                                                                             
        10       7839 KING       PRESIDENT            17-NOV-81       5000            ACCOUNTING     NEW YORK                                                                                           
        30       7844 TURNER     SALESMAN        7698 08-SEP-81       1500          0 SALES          CHICAGO                                                                                            
        20       7876 ADAMS      CLERK           7788 23-MAY-87       1100            RESEARCH       DALLAS                                                                                             
        30       7900 JAMES      CLERK           7698 03-DEC-81        950            SALES          CHICAGO                                                                                            
        20       7902 FORD       ANALYST         7566 03-DEC-81       3000            RESEARCH       DALLAS                                                                                             
        10       7934 MILLER     CLERK           7782 23-JAN-82       1300            ACCOUNTING     NEW YORK                                                                                           

14 rows selected.

SQL> SELECT
  2  FROM SALGRADE NATURAL JOIN DEPT;
FROM SALGRADE NATURAL JOIN DEPT
*
ERROR at line 2:
ORA-00936: missing expression 


SQL> ED
Wrote file afiedt.buf

  1  SELECT *
  2* FROM SALGRADE NATURAL JOIN DEPT
SQL> /

     GRADE      LOSAL      HISAL     DEPTNO DNAME          LOC                                                                                                                                          
---------- ---------- ---------- ---------- -------------- -------------                                                                                                                                
         1        700       1200         10 ACCOUNTING     NEW YORK                                                                                                                                     
         2       1201       1400         10 ACCOUNTING     NEW YORK                                                                                                                                     
         3       1401       2000         10 ACCOUNTING     NEW YORK                                                                                                                                     
         4       2001       3000         10 ACCOUNTING     NEW YORK                                                                                                                                     
         5       3001       9999         10 ACCOUNTING     NEW YORK                                                                                                                                     
         1        700       1200         20 RESEARCH       DALLAS                                                                                                                                       
         2       1201       1400         20 RESEARCH       DALLAS                                                                                                                                       
         3       1401       2000         20 RESEARCH       DALLAS                                                                                                                                       
         4       2001       3000         20 RESEARCH       DALLAS                                                                                                                                       
         5       3001       9999         20 RESEARCH       DALLAS                                                                                                                                       
         1        700       1200         30 SALES          CHICAGO                                                                                                                                      
         2       1201       1400         30 SALES          CHICAGO                                                                                                                                      
         3       1401       2000         30 SALES          CHICAGO                                                                                                                                      
         4       2001       3000         30 SALES          CHICAGO                                                                                                                                      
         5       3001       9999         30 SALES          CHICAGO                                                                                                                                      
         1        700       1200         40 OPERATIONS     BOSTON                                                                                                                                       
         2       1201       1400         40 OPERATIONS     BOSTON                                                                                                                                       
         3       1401       2000         40 OPERATIONS     BOSTON                                                                                                                                       
         4       2001       3000         40 OPERATIONS     BOSTON                                                                                                                                       
         5       3001       9999         40 OPERATIONS     BOSTON                                                                                                                                       

20 rows selected.

SQL>   SELECT*
  2  FROM EMP,DEPT
  3  WHERE EMP.DEPTNO=DEPT.DEPTNO(+);

     EMPNO ENAME      JOB              MGR HIREDATE         SAL       COMM     DEPTNO     DEPTNO DNAME          LOC                                                                                     
---------- ---------- --------- ---------- --------- ---------- ---------- ---------- ---------- -------------- -------------                                                                           
      7369 SMITH      CLERK           7902 17-DEC-80        800                    20         20 RESEARCH       DALLAS                                                                                  
      7499 ALLEN      SALESMAN        7698 20-FEB-81       1600        300         30         30 SALES          CHICAGO                                                                                 
      7521 WARD       SALESMAN        7698 22-FEB-81       1250        500         30         30 SALES          CHICAGO                                                                                 
      7566 JONES      MANAGER         7839 02-APR-81       2975                    20         20 RESEARCH       DALLAS                                                                                  
      7654 MARTIN     SALESMAN        7698 28-SEP-81       1250       1400         30         30 SALES          CHICAGO                                                                                 
      7698 BLAKE      MANAGER         7839 01-MAY-81       2850                    30         30 SALES          CHICAGO                                                                                 
      7782 CLARK      MANAGER         7839 09-JUN-81       2450                    10         10 ACCOUNTING     NEW YORK                                                                                
      7788 SCOTT      ANALYST         7566 19-APR-87       3000                    20         20 RESEARCH       DALLAS                                                                                  
      7839 KING       PRESIDENT            17-NOV-81       5000                    10         10 ACCOUNTING     NEW YORK                                                                                
      7844 TURNER     SALESMAN        7698 08-SEP-81       1500          0         30         30 SALES          CHICAGO                                                                                 
      7876 ADAMS      CLERK           7788 23-MAY-87       1100                    20         20 RESEARCH       DALLAS                                                                                  
      7900 JAMES      CLERK           7698 03-DEC-81        950                    30         30 SALES          CHICAGO                                                                                 
      7902 FORD       ANALYST         7566 03-DEC-81       3000                    20         20 RESEARCH       DALLAS                                                                                  
      7934 MILLER     CLERK           7782 23-JAN-82       1300                    10         10 ACCOUNTING     NEW YORK                                                                                

14 rows selected.

SQL> 
SQL> SPOOL OFF
